// Jest Snapshot v1, https://goo.gl/fbAQLP

exports[`<OtpInput /> render 1`] = `
<View
  style={
    Array [
      undefined,
      false,
    ]
  }
>
  <TextInput
    allowFontScaling={true}
    onBlur={[Function]}
    onFocus={[Function]}
    rejectResponderTermination={true}
    textContentType="none"
    underlineColorAndroid="transparent"
  />
</View>
`;
